../Core/Src/main.c:71:6:Disp_Voltage	8	static
../Core/Src/main.c:80:6:TIM6_IRQHandler	24	static
../Core/Src/main.c:105:13:testStaticLED	8	static
../Core/Src/main.c:126:13:testDynamicLED	8	static
../Core/Src/main.c:142:5:main	8	static
../Core/Src/main.c:176:6:SystemClock_Config	80	static
../Core/Src/main.c:217:13:MX_ADC_Init	24	static
../Core/Src/main.c:256:13:MX_TIM6_Init	16	static
../Core/Src/main.c:284:13:MX_GPIO_Init	48	static
../Core/Src/main.c:317:6:Error_Handler	8	static,ignoring_inline_asm
