../Core/Src/main.c:71:6:Disp_Voltage	8	static
../Core/Src/main.c:80:6:TIM6_IRQHandler	24	static
../Core/Src/main.c:106:13:testStaticLED	8	static
../Core/Src/main.c:127:13:testDynamicLED	8	static
../Core/Src/main.c:143:5:main	8	static
../Core/Src/main.c:177:6:SystemClock_Config	80	static
../Core/Src/main.c:218:13:MX_ADC_Init	24	static
../Core/Src/main.c:257:13:MX_TIM6_Init	16	static
../Core/Src/main.c:285:13:MX_GPIO_Init	48	static
../Core/Src/main.c:318:6:Error_Handler	8	static,ignoring_inline_asm
