../Core/Src/main.c:145:5:main	8	static
../Core/Src/main.c:216:6:SystemClock_Config	96	static
../Core/Src/main.c:262:13:MX_USART1_UART_Init	8	static
../Core/Src/main.c:287:13:MX_GPIO_Init	32	static
../Core/Src/main.c:318:13:RTC6705_SPI_Init	8	static
../Core/Src/main.c:330:13:RTC6705_SPI_Write	24	static
../Core/Src/main.c:369:13:RTC6705_ResetSynthRegA	8	static
../Core/Src/main.c:381:13:RTC6705_PowerAmpOff	8	static
../Core/Src/main.c:395:13:RTC6705_PowerAmpOn	8	static
../Core/Src/main.c:408:13:RTC6705_ResetState	8	static
../Core/Src/main.c:417:13:RTC6705_SetFrequency	32	static
../Core/Src/main.c:454:13:RTC6705_PowerUpAfterPLLSettleTime	8	static
../Core/Src/main.c:467:16:RTC6705_ReadState	16	static
../Core/Src/main.c:485:13:RTC6705_Init	8	static
../Core/Src/main.c:533:13:LED_Power_On	8	static
../Core/Src/main.c:542:13:LED_Power_Off	8	static
../Core/Src/main.c:551:13:LED_ChipComm_On	8	static
../Core/Src/main.c:560:13:LED_ChipComm_Off	8	static
../Core/Src/main.c:569:13:LED_FCComm_On	8	static
../Core/Src/main.c:578:13:LED_FCComm_Off	8	static
../Core/Src/main.c:589:17:IRCTramp_GetFrequencyFromChannel	56	static
../Core/Src/main.c:616:13:IRCTramp_ProcessCommand	40	static
../Core/Src/main.c:706:6:HAL_UART_RxCpltCallback	24	static
../Core/Src/main.c:742:6:Error_Handler	8	static,ignoring_inline_asm
