../Core/Src/main.c:147:5:main	8	static
../Core/Src/main.c:218:6:SystemClock_Config	96	static
../Core/Src/main.c:264:13:MX_USART1_UART_Init	8	static
../Core/Src/main.c:289:13:MX_GPIO_Init	32	static
../Core/Src/main.c:320:13:RTC6705_SPI_Init	8	static
../Core/Src/main.c:332:13:RTC6705_SPI_Write	24	static
../Core/Src/main.c:371:13:RTC6705_ResetSynthRegA	8	static
../Core/Src/main.c:383:13:RTC6705_PowerAmpOff	8	static
../Core/Src/main.c:397:13:RTC6705_PowerAmpOn	8	static
../Core/Src/main.c:410:13:RTC6705_ResetState	8	static
../Core/Src/main.c:419:13:RTC6705_SetFrequency	32	static
../Core/Src/main.c:456:13:RTC6705_PowerUpAfterPLLSettleTime	8	static
../Core/Src/main.c:470:16:RTC6705_ReadState	16	static
../Core/Src/main.c:488:13:RTC6705_Init	8	static
../Core/Src/main.c:536:13:LED_Power_On	8	static
../Core/Src/main.c:545:13:LED_Power_Off	8	static
../Core/Src/main.c:554:13:LED_ChipComm_On	8	static
../Core/Src/main.c:563:13:LED_ChipComm_Off	8	static
../Core/Src/main.c:572:13:LED_FCComm_On	8	static
../Core/Src/main.c:581:13:LED_FCComm_Off	8	static
../Core/Src/main.c:586:13:PA_On	8	static
../Core/Src/main.c:596:17:IRCTramp_GetFrequencyFromChannel	56	static
../Core/Src/main.c:623:13:IRCTramp_ProcessCommand	40	static
../Core/Src/main.c:713:6:HAL_UART_RxCpltCallback	24	static
../Core/Src/main.c:749:6:Error_Handler	8	static,ignoring_inline_asm
