../Core/Src/main.c:118:5:main	8	static
../Core/Src/main.c:185:6:SystemClock_Config	96	static
../Core/Src/main.c:231:13:MX_USART1_UART_Init	8	static
../Core/Src/main.c:256:13:MX_GPIO_Init	32	static
../Core/Src/main.c:284:13:RTC6705_SPI_Init	8	static
../Core/Src/main.c:297:13:RTC6705_SPI_Write	24	static
../Core/Src/main.c:347:13:RTC6705_SetFrequency	32	static
../Core/Src/main.c:400:13:RTC6705_EnablePA	8	static
../Core/Src/main.c:415:13:RTC6705_Init	8	static
../Core/Src/main.c:447:13:LED_Power_On	8	static
../Core/Src/main.c:456:13:LED_Power_Off	8	static
../Core/Src/main.c:465:13:LED_ChipComm_On	8	static
../Core/Src/main.c:474:13:LED_ChipComm_Off	8	static
../Core/Src/main.c:483:13:LED_FCComm_On	8	static
../Core/Src/main.c:492:13:LED_FCComm_Off	8	static
../Core/Src/main.c:503:17:IRCTramp_GetFrequencyFromChannel	56	static
../Core/Src/main.c:530:13:IRCTramp_ProcessCommand	40	static
../Core/Src/main.c:610:6:HAL_UART_RxCpltCallback	24	static
../Core/Src/main.c:646:6:Error_Handler	8	static,ignoring_inline_asm
