../Core/Src/main.c:145:5:main	1
../Core/Src/main.c:216:6:SystemClock_Config	4
../Core/Src/main.c:262:13:MX_USART1_UART_Init	2
../Core/Src/main.c:287:13:MX_GPIO_Init	1
../Core/Src/main.c:318:13:RTC6705_SPI_Init	1
../Core/Src/main.c:330:13:RTC6705_SPI_Write	2
../Core/Src/main.c:369:13:RTC6705_ResetSynthRegA	1
../Core/Src/main.c:381:13:RTC6705_PowerAmpOff	1
../Core/Src/main.c:395:13:RTC6705_PowerAmpOn	1
../Core/Src/main.c:408:13:RTC6705_ResetState	1
../Core/Src/main.c:417:13:RTC6705_SetFrequency	3
../Core/Src/main.c:454:13:RTC6705_PowerUpAfterPLLSettleTime	3
../Core/Src/main.c:467:16:RTC6705_ReadState	1
../Core/Src/main.c:485:13:RTC6705_Init	2
../Core/Src/main.c:533:13:LED_Power_On	1
../Core/Src/main.c:542:13:LED_Power_Off	1
../Core/Src/main.c:551:13:LED_ChipComm_On	1
../Core/Src/main.c:560:13:LED_ChipComm_Off	1
../Core/Src/main.c:569:13:LED_FCComm_On	1
../Core/Src/main.c:578:13:LED_FCComm_Off	1
../Core/Src/main.c:589:17:IRCTramp_GetFrequencyFromChannel	3
../Core/Src/main.c:616:13:IRCTramp_ProcessCommand	14
../Core/Src/main.c:706:6:HAL_UART_RxCpltCallback	6
../Core/Src/main.c:742:6:Error_Handler	1
