../Core/Src/main.c:152:5:main	8	static
../Core/Src/main.c:223:6:SystemClock_Config	96	static
../Core/Src/main.c:269:13:MX_USART1_UART_Init	8	static
../Core/Src/main.c:294:13:MX_GPIO_Init	32	static
../Core/Src/main.c:325:13:RTC6705_SPI_Init	8	static
../Core/Src/main.c:337:13:RTC6705_SPI_Write	24	static
../Core/Src/main.c:374:13:RTC6705_ResetState	8	static
../Core/Src/main.c:386:13:RTC6705_ResetSynthRegA	8	static
../Core/Src/main.c:398:13:RTC6705_PowerAmpOff	8	static
../Core/Src/main.c:412:13:RTC6705_PowerAmpOn	8	static
../Core/Src/main.c:421:13:RTC6705_SetFrequency	56	static
../Core/Src/main.c:466:13:RTC6705_PowerUpAfterPLLSettleTime	8	static
../Core/Src/main.c:490:13:RTC6705_Init	8	static
../Core/Src/main.c:510:13:LED_Power_On	8	static
../Core/Src/main.c:519:13:LED_Power_Off	8	static
../Core/Src/main.c:528:13:LED_ChipComm_On	8	static
../Core/Src/main.c:537:13:LED_ChipComm_Off	8	static
../Core/Src/main.c:546:13:LED_FCComm_On	8	static
../Core/Src/main.c:555:13:LED_FCComm_Off	8	static
../Core/Src/main.c:566:17:IRCTramp_GetFrequencyFromChannel	56	static
../Core/Src/main.c:593:13:IRCTramp_ProcessCommand	40	static
../Core/Src/main.c:683:6:HAL_UART_RxCpltCallback	24	static
../Core/Src/main.c:719:6:Error_Handler	8	static,ignoring_inline_asm
