../Core/Src/main.c:152:5:main	1
../Core/Src/main.c:223:6:SystemClock_Config	4
../Core/Src/main.c:269:13:MX_USART1_UART_Init	2
../Core/Src/main.c:294:13:MX_GPIO_Init	1
../Core/Src/main.c:325:13:RTC6705_SPI_Init	1
../Core/Src/main.c:345:13:RTC6705_SPI_Write	9
../Core/Src/main.c:399:13:RTC6705_ResetState	1
../Core/Src/main.c:411:13:RTC6705_ResetSynthRegA	1
../Core/Src/main.c:423:13:RTC6705_PowerAmpOff	1
../Core/Src/main.c:437:13:RTC6705_PowerAmpOn	1
../Core/Src/main.c:452:13:RTC6705_SetFrequency	3
../Core/Src/main.c:504:13:RTC6705_PowerUpAfterPLLSettleTime	3
../Core/Src/main.c:528:13:RTC6705_Init	1
../Core/Src/main.c:554:13:LED_Power_On	1
../Core/Src/main.c:563:13:LED_Power_Off	1
../Core/Src/main.c:572:13:LED_ChipComm_On	1
../Core/Src/main.c:581:13:LED_ChipComm_Off	1
../Core/Src/main.c:590:13:LED_FCComm_On	1
../Core/Src/main.c:599:13:LED_FCComm_Off	1
../Core/Src/main.c:610:17:IRCTramp_GetFrequencyFromChannel	3
../Core/Src/main.c:637:13:IRCTramp_ProcessCommand	14
../Core/Src/main.c:727:6:HAL_UART_RxCpltCallback	6
../Core/Src/main.c:763:6:Error_Handler	1
