../Core/Src/main.c:153:5:main	8	static
../Core/Src/main.c:224:6:SystemClock_Config	96	static
../Core/Src/main.c:270:13:MX_USART1_UART_Init	8	static
../Core/Src/main.c:295:13:MX_GPIO_Init	32	static
../Core/Src/main.c:326:13:RTC6705_SPI_Init	8	static
../Core/Src/main.c:338:13:RTC6705_SPI_Write	24	static
../Core/Src/main.c:377:13:RTC6705_ResetSynthRegA	8	static
../Core/Src/main.c:389:13:RTC6705_PowerAmpOff	8	static
../Core/Src/main.c:403:13:RTC6705_PowerAmpOn	8	static
../Core/Src/main.c:419:13:RTC6705_ResetState	8	static
../Core/Src/main.c:428:13:RTC6705_SetFrequency	48	static
../Core/Src/main.c:475:13:RTC6705_PowerUpAfterPLLSettleTime	8	static
../Core/Src/main.c:488:16:RTC6705_ReadState	16	static
../Core/Src/main.c:506:13:RTC6705_Init	8	static
../Core/Src/main.c:554:13:LED_Power_On	8	static
../Core/Src/main.c:563:13:LED_Power_Off	8	static
../Core/Src/main.c:572:13:LED_ChipComm_On	8	static
../Core/Src/main.c:581:13:LED_ChipComm_Off	8	static
../Core/Src/main.c:590:13:LED_FCComm_On	8	static
../Core/Src/main.c:599:13:LED_FCComm_Off	8	static
../Core/Src/main.c:610:17:IRCTramp_GetFrequencyFromChannel	56	static
../Core/Src/main.c:637:13:IRCTramp_ProcessCommand	40	static
../Core/Src/main.c:727:6:HAL_UART_RxCpltCallback	24	static
../Core/Src/main.c:763:6:Error_Handler	8	static,ignoring_inline_asm
