Archive member included to satisfy reference by file (symbol)

D:/ST/STM32CubeIDE_1.18.0/STM32CubeIDE/plugins/com.st.stm32cube.ide.mcu.externaltools.gnu-tools-for-stm32.13.3.rel1.win32_1.0.0.202411081344/tools/bin/../lib/gcc/arm-none-eabi/13.3.1/../../../../arm-none-eabi/lib/thumb/v6-m/nofp\libc_nano.a(libc_a-exit.o)
                              D:/ST/STM32CubeIDE_1.18.0/STM32CubeIDE/plugins/com.st.stm32cube.ide.mcu.externaltools.gnu-tools-for-stm32.13.3.rel1.win32_1.0.0.202411081344/tools/bin/../lib/gcc/arm-none-eabi/13.3.1/../../../../arm-none-eabi/lib/thumb/v6-m/nofp/crt0.o (exit)
D:/ST/STM32CubeIDE_1.18.0/STM32CubeIDE/plugins/com.st.stm32cube.ide.mcu.externaltools.gnu-tools-for-stm32.13.3.rel1.win32_1.0.0.202411081344/tools/bin/../lib/gcc/arm-none-eabi/13.3.1/../../../../arm-none-eabi/lib/thumb/v6-m/nofp\libc_nano.a(libc_a-findfp.o)
                              D:/ST/STM32CubeIDE_1.18.0/STM32CubeIDE/plugins/com.st.stm32cube.ide.mcu.externaltools.gnu-tools-for-stm32.13.3.rel1.win32_1.0.0.202411081344/tools/bin/../lib/gcc/arm-none-eabi/13.3.1/../../../../arm-none-eabi/lib/thumb/v6-m/nofp\libc_nano.a(libc_a-exit.o) (__stdio_exit_handler)
D:/ST/STM32CubeIDE_1.18.0/STM32CubeIDE/plugins/com.st.stm32cube.ide.mcu.externaltools.gnu-tools-for-stm32.13.3.rel1.win32_1.0.0.202411081344/tools/bin/../lib/gcc/arm-none-eabi/13.3.1/../../../../arm-none-eabi/lib/thumb/v6-m/nofp\libc_nano.a(libc_a-fwalk.o)
                              D:/ST/STM32CubeIDE_1.18.0/STM32CubeIDE/plugins/com.st.stm32cube.ide.mcu.externaltools.gnu-tools-for-stm32.13.3.rel1.win32_1.0.0.202411081344/tools/bin/../lib/gcc/arm-none-eabi/13.3.1/../../../../arm-none-eabi/lib/thumb/v6-m/nofp\libc_nano.a(libc_a-findfp.o) (_fwalk_sglue)
D:/ST/STM32CubeIDE_1.18.0/STM32CubeIDE/plugins/com.st.stm32cube.ide.mcu.externaltools.gnu-tools-for-stm32.13.3.rel1.win32_1.0.0.202411081344/tools/bin/../lib/gcc/arm-none-eabi/13.3.1/../../../../arm-none-eabi/lib/thumb/v6-m/nofp\libc_nano.a(libc_a-stdio.o)
                              D:/ST/STM32CubeIDE_1.18.0/STM32CubeIDE/plugins/com.st.stm32cube.ide.mcu.externaltools.gnu-tools-for-stm32.13.3.rel1.win32_1.0.0.202411081344/tools/bin/../lib/gcc/arm-none-eabi/13.3.1/../../../../arm-none-eabi/lib/thumb/v6-m/nofp\libc_nano.a(libc_a-findfp.o) (__sread)
D:/ST/STM32CubeIDE_1.18.0/STM32CubeIDE/plugins/com.st.stm32cube.ide.mcu.externaltools.gnu-tools-for-stm32.13.3.rel1.win32_1.0.0.202411081344/tools/bin/../lib/gcc/arm-none-eabi/13.3.1/../../../../arm-none-eabi/lib/thumb/v6-m/nofp\libc_nano.a(libc_a-memset.o)
                              D:/ST/STM32CubeIDE_1.18.0/STM32CubeIDE/plugins/com.st.stm32cube.ide.mcu.externaltools.gnu-tools-for-stm32.13.3.rel1.win32_1.0.0.202411081344/tools/bin/../lib/gcc/arm-none-eabi/13.3.1/../../../../arm-none-eabi/lib/thumb/v6-m/nofp/crt0.o (memset)
D:/ST/STM32CubeIDE_1.18.0/STM32CubeIDE/plugins/com.st.stm32cube.ide.mcu.externaltools.gnu-tools-for-stm32.13.3.rel1.win32_1.0.0.202411081344/tools/bin/../lib/gcc/arm-none-eabi/13.3.1/../../../../arm-none-eabi/lib/thumb/v6-m/nofp\libc_nano.a(libc_a-closer.o)
                              D:/ST/STM32CubeIDE_1.18.0/STM32CubeIDE/plugins/com.st.stm32cube.ide.mcu.externaltools.gnu-tools-for-stm32.13.3.rel1.win32_1.0.0.202411081344/tools/bin/../lib/gcc/arm-none-eabi/13.3.1/../../../../arm-none-eabi/lib/thumb/v6-m/nofp\libc_nano.a(libc_a-stdio.o) (_close_r)
D:/ST/STM32CubeIDE_1.18.0/STM32CubeIDE/plugins/com.st.stm32cube.ide.mcu.externaltools.gnu-tools-for-stm32.13.3.rel1.win32_1.0.0.202411081344/tools/bin/../lib/gcc/arm-none-eabi/13.3.1/../../../../arm-none-eabi/lib/thumb/v6-m/nofp\libc_nano.a(libc_a-reent.o)
                              D:/ST/STM32CubeIDE_1.18.0/STM32CubeIDE/plugins/com.st.stm32cube.ide.mcu.externaltools.gnu-tools-for-stm32.13.3.rel1.win32_1.0.0.202411081344/tools/bin/../lib/gcc/arm-none-eabi/13.3.1/../../../../arm-none-eabi/lib/thumb/v6-m/nofp\libc_nano.a(libc_a-closer.o) (errno)
D:/ST/STM32CubeIDE_1.18.0/STM32CubeIDE/plugins/com.st.stm32cube.ide.mcu.externaltools.gnu-tools-for-stm32.13.3.rel1.win32_1.0.0.202411081344/tools/bin/../lib/gcc/arm-none-eabi/13.3.1/../../../../arm-none-eabi/lib/thumb/v6-m/nofp\libc_nano.a(libc_a-impure.o)
                              D:/ST/STM32CubeIDE_1.18.0/STM32CubeIDE/plugins/com.st.stm32cube.ide.mcu.externaltools.gnu-tools-for-stm32.13.3.rel1.win32_1.0.0.202411081344/tools/bin/../lib/gcc/arm-none-eabi/13.3.1/../../../../arm-none-eabi/lib/thumb/v6-m/nofp\libc_nano.a(libc_a-reent.o) (_impure_ptr)
D:/ST/STM32CubeIDE_1.18.0/STM32CubeIDE/plugins/com.st.stm32cube.ide.mcu.externaltools.gnu-tools-for-stm32.13.3.rel1.win32_1.0.0.202411081344/tools/bin/../lib/gcc/arm-none-eabi/13.3.1/../../../../arm-none-eabi/lib/thumb/v6-m/nofp\libc_nano.a(libc_a-lseekr.o)
[...]
Memory Configuration

Name             Origin             Length             Attributes
RAM              0x20000000         0x00002000         xrw
FLASH            0x08000000         0x00010000         xr
*default*        0x00000000         0xffffffff

Linker script and memory map

LOAD D:/ST/STM32CubeIDE_1.18.0/STM32CubeIDE/plugins/com.st.stm32cube.ide.mcu.externaltools.gnu-tools-for-stm32.13.3.rel1.win32_1.0.0.202411081344/tools/bin/../lib/gcc/arm-none-eabi/13.3.1/thumb/v6-m/nofp/crti.o
LOAD D:/ST/STM32CubeIDE_1.18.0/STM32CubeIDE/plugins/com.st.stm32cube.ide.mcu.externaltools.gnu-tools-for-stm32.13.3.rel1.win32_1.0.0.202411081344/tools/bin/../lib/gcc/arm-none-eabi/13.3.1/thumb/v6-m/nofp/crtbegin.o
LOAD D:/ST/STM32CubeIDE_1.18.0/STM32CubeIDE/plugins/com.st.stm32cube.ide.mcu.externaltools.gnu-tools-for-stm32.13.3.rel1.win32_1.0.0.202411081344/tools/bin/../lib/gcc/arm-none-eabi/13.3.1/../../../../arm-none-eabi/lib/thumb/v6-m/nofp/crt0.o
LOAD ./Core/Src/main.o
LOAD ./Core/Src/stm32f0xx_hal_msp.o
LOAD ./Core/Src/stm32f0xx_it.o
LOAD ./Core/Src/syscalls.o
LOAD ./Core/Src/sysmem.o
LOAD ./Core/Src/system_stm32f0xx.o
LOAD ./Core/Startup/startup_stm32f030c8tx.o
LOAD ./Drivers/STM32F0xx_HAL_Driver/stm32f0xx_hal.o
LOAD ./Drivers/STM32F0xx_HAL_Driver/stm32f0xx_hal_cortex.o
LOAD ./Drivers/STM32F0xx_HAL_Driver/stm32f0xx_hal_dma.o
LOAD ./Drivers/STM32F0xx_HAL_Driver/stm32f0xx_hal_exti.o
LOAD ./Drivers/STM32F0xx_HAL_Driver/stm32f0xx_hal_flash.o
LOAD ./Drivers/STM32F0xx_HAL_Driver/stm32f0xx_hal_flash_ex.o
LOAD ./Drivers/STM32F0xx_HAL_Driver/stm32f0xx_hal_gpio.o
LOAD ./Drivers/STM32F0xx_HAL_Driver/stm32f0xx_hal_i2c.o
LOAD ./Drivers/STM32F0xx_HAL_Driver/stm32f0xx_hal_i2c_ex.o
LOAD ./Drivers/STM32F0xx_HAL_Driver/stm32f0xx_hal_pwr.o
LOAD ./Drivers/STM32F0xx_HAL_Driver/stm32f0xx_hal_pwr_ex.o
LOAD ./Drivers/STM32F0xx_HAL_Driver/stm32f0xx_hal_rcc.o
LOAD ./Drivers/STM32F0xx_HAL_Driver/stm32f0xx_hal_rcc_ex.o
LOAD ./Drivers/STM32F0xx_HAL_Driver/stm32f0xx_hal_uart.o
LOAD ./Drivers/STM32F0xx_HAL_Driver/stm32f0xx_hal_uart_ex.o
START GROUP
LOAD D:/ST/STM32CubeIDE_1.18.0/STM32CubeIDE/plugins/com.st.stm32cube.ide.mcu.externaltools.gnu-tools-for-stm32.13.3.rel1.win32_1.0.0.202411081344/tools/bin/../lib/gcc/arm-none-eabi/13.3.1/../../../../arm-none-eabi/lib/thumb/v6-m/nofp\libc_nano.a
LOAD D:/ST/STM32CubeIDE_1.18.0/STM32CubeIDE/plugins/com.st.stm32cube.ide.mcu.externaltools.gnu-tools-for-stm32.13.3.rel1.win32_1.0.0.202411081344/tools/bin/../lib/gcc/arm-none-eabi/13.3.1/../../../../arm-none-eabi/lib/thumb/v6-m/nofp\libm.a
END GROUP
START GROUP
LOAD D:/ST/STM32CubeIDE_1.18.0/STM32CubeIDE/plugins/com.st.stm32cube.ide.mcu.externaltools.gnu-tools-for-stm32.13.3.rel1.win32_1.0.0.202411081344/tools/bin/../lib/gcc/arm-none-eabi/13.3.1/thumb/v6-m/nofp\libgcc.a
LOAD D:/ST/STM32CubeIDE_1.18.0/STM32CubeIDE/plugins/com.st.stm32cube.ide.mcu.externaltools.gnu-tools-for-stm32.13.3.rel1.win32_1.0.0.202411081344/tools/bin/../lib/gcc/arm-none-eabi/13.3.1/../../../../arm-none-eabi/lib/thumb/v6-m/nofp\libc_nano.a
END GROUP
START GROUP
LOAD D:/ST/STM32CubeIDE_1.18.0/STM32CubeIDE/plugins/com.st.stm32cube.ide.mcu.externaltools.gnu-tools-for-stm32.13.3.rel1.win32_1.0.0.202411081344/tools/bin/../lib/gcc/arm-none-eabi/13.3.1/thumb/v6-m/nofp\libgcc.a
LOAD D:/ST/STM32CubeIDE_1.18.0/STM32CubeIDE/plugins/com.st.stm32cube.ide.mcu.externaltools.gnu-tools-for-stm32.13.3.rel1.win32_1.0.0.202411081344/tools/bin/../lib/gcc/arm-none-eabi/13.3.1/../../../../arm-none-eabi/lib/thumb/v6-m/nofp\libc_nano.a
LOAD D:/ST/STM32CubeIDE_1.18.0/STM32CubeIDE/plugins/com.st.stm32cube.ide.mcu.externaltools.gnu-tools-for-stm32.13.3.rel1.win32_1.0.0.202411081344/tools/bin/../lib/gcc/arm-none-eabi/13.3.1/../../../../arm-none-eabi/lib/thumb/v6-m/nofp\libnosys.a
END GROUP
START GROUP
LOAD D:/ST/STM32CubeIDE_1.18.0/STM32CubeIDE/plugins/com.st.stm32cube.ide.mcu.externaltools.gnu-tools-for-stm32.13.3.rel1.win32_1.0.0.202411081344/tools/bin/../lib/gcc/arm-none-eabi/13.3.1/thumb/v6-m/nofp\libgcc.a
LOAD D:/ST/STM32CubeIDE_1.18.0/STM32CubeIDE/plugins/com.st.stm32cube.ide.mcu.externaltools.gnu-tools-for-stm32.13.3.rel1.win32_1.0.0.202411081344/tools/bin/../lib/gcc/arm-none-eabi/13.3.1/../../../../arm-none-eabi/lib/thumb/v6-m/nofp\libc_nano.a
LOAD D:/ST/STM32CubeIDE_1.18.0/STM32CubeIDE/plugins/com.st.stm32cube.ide.mcu.externaltools.gnu-tools-for-stm32.13.3.rel1.win32_1.0.0.202411081344/tools/bin/../lib/gcc/arm-none-eabi/13.3.1/../../../../arm-none-eabi/lib/thumb/v6-m/nofp\libnosys.a
END GROUP
LOAD D:/ST/STM32CubeIDE_1.18.0/STM32CubeIDE/plugins/com.st.stm32cube.ide.mcu.externaltools.gnu-tools-for-stm32.13.3.rel1.win32_1.0.0.202411081344/tools/bin/../lib/gcc/arm-none-eabi/13.3.1/thumb/v6-m/nofp/crtend.o
LOAD D:/ST/STM32CubeIDE_1.18.0/STM32CubeIDE/plugins/com.st.stm32cube.ide.mcu.externaltools.gnu-tools-for-stm32.13.3.rel1.win32_1.0.0.202411081344/tools/bin/../lib/gcc/arm-none-eabi/13.3.1/thumb/v6-m/nofp/crtn.o
                0x20002000                        _estack = (ORIGIN (RAM) + LENGTH (RAM))
                0x00000200                        _Min_Heap_Size = 0x200
                0x00000400                        _Min_Stack_Size = 0x400

.isr_vector     0x08000000       0xc0
                0x08000000                        . = ALIGN (0x4)
 *(.isr_vector)
 .isr_vector    0x08000000       0xc0 ./Core/Startup/startup_stm32f030c8tx.o
                0x08000000                g_pfnVectors
                0x080000c0                        . = ALIGN (0x4)

.text           0x080000c0     0x31a4
                0x080000c0                        . = ALIGN (0x4)
 *(.text)
 .text          0x080000c0       0x48 D:/ST/STM32CubeIDE_1.18.0/STM32CubeIDE/plugins/com.st.stm32cube.ide.mcu.externaltools.gnu-tools-for-stm32.13.3.rel1.win32_1.0.0.202411081344/tools/bin/../lib/gcc/arm-none-eabi/13.3.1/thumb/v6-m/nofp/crtbegin.o
 .text          0x08000108      0x114 D:/ST/STM32CubeIDE_1.18.0/STM32CubeIDE/plugins/com.st.stm32cube.ide.mcu.externaltools.gnu-tools-for-stm32.13.3.rel1.win32_1.0.0.202411081344/tools/bin/../lib/gcc/arm-none-eabi/13.3.1/thumb/v6-m/nofp\libgcc.a(_udivsi3.o)
                0x08000108                __aeabi_uidiv
                0x08000108                __udivsi3
                0x08000214                __aeabi_uidivmod
 .text          0x0800021c        0x4 D:/ST/STM32CubeIDE_1.18.0/STM32CubeIDE/plugins/com.st.stm32cube.ide.mcu.externaltools.gnu-tools-for-stm32.13.3.rel1.win32_1.0.0.202411081344/tools/bin/../lib/gcc/arm-none-eabi/13.3.1/thumb/v6-m/nofp\libgcc.a(_dvmd_tls.o)
                0x0800021c                __aeabi_idiv0
                0x0800021c                __aeabi_ldiv0
 *(.text*)
 .text.main     0x08000220       0x70 ./Core/Src/main.o
                0x08000220                main
 .text.SystemClock_Config
                0x08000290       0xc2 ./Core/Src/main.o
                0x08000290                SystemClock_Config
 *fill*         0x08000352        0x2 
 .text.MX_USART1_UART_Init
                0x08000354       0x60 ./Core/Src/main.o
 .text.MX_GPIO_Init
                0x080003b4       0x70 ./Core/Src/main.o
 .text.RTC6705_SPI_Init
                0x08000424       0x34 ./Core/Src/main.o
 .text.RTC6705_SPI_Write
                0x08000458       0xf0 ./Core/Src/main.o
 .text.RTC6705_PowerAmpOff
                0x08000548       0x18 ./Core/Src/main.o
 .text.RTC6705_PowerAmpOn
                0x08000560       0x28 ./Core/Src/main.o
 .text.RTC6705_ResetState
                0x08000588       0x18 ./Core/Src/main.o
 .text.RTC6705_SetFrequency
                0x080005a0       0xd4 ./Core/Src/main.o
 .text.RTC6705_PowerUpAfterPLLSettleTime
                0x08000674       0x30 ./Core/Src/main.o
 .text.RTC6705_ReadState
                0x080006a4       0x1c ./Core/Src/main.o
 .text.RTC6705_Init
                0x080006c0       0x90 ./Core/Src/main.o
 .text.LED_Power_On
                0x08000750       0x18 ./Core/Src/main.o
 .text.LED_ChipComm_On
                0x08000768       0x18 ./Core/Src/main.o
 .text.LED_ChipComm_Off
                0x08000780       0x18 ./Core/Src/main.o
 .text.LED_FCComm_On
                0x08000798       0x18 ./Core/Src/main.o
 .text.LED_FCComm_Off
                0x080007b0       0x18 ./Core/Src/main.o
 .text.IRCTramp_GetFrequencyFromChannel
                0x080007c8       0x80 ./Core/Src/main.o
 .text.IRCTramp_ProcessCommand
                0x08000848      0x18c ./Core/Src/main.o
 .text.HAL_UART_RxCpltCallback
                0x080009d4       0x9c ./Core/Src/main.o
                0x080009d4                HAL_UART_RxCpltCallback
 .text.Error_Handler
                0x08000a70        0xc ./Core/Src/main.o
                0x08000a70                Error_Handler
 .text.HAL_MspInit
                0x08000a7c       0x48 ./Core/Src/stm32f0xx_hal_msp.o
                0x08000a7c                HAL_MspInit
 .text.HAL_UART_MspInit
                0x08000ac4       0xac ./Core/Src/stm32f0xx_hal_msp.o
                0x08000ac4                HAL_UART_MspInit
 .text.NMI_Handler
                0x08000b70        0x8 ./Core/Src/stm32f0xx_it.o
                0x08000b70                NMI_Handler
 .text.HardFault_Handler
                0x08000b78        0x8 ./Core/Src/stm32f0xx_it.o
                0x08000b78                HardFault_Handler
 .text.SVC_Handler
                0x08000b80        0xa ./Core/Src/stm32f0xx_it.o
                0x08000b80                SVC_Handler
 .text.PendSV_Handler
                0x08000b8a        0xa ./Core/Src/stm32f0xx_it.o
                0x08000b8a                PendSV_Handler
 .text.SysTick_Handler
                0x08000b94        0xe ./Core/Src/stm32f0xx_it.o
                0x08000b94                SysTick_Handler
 *fill*         0x08000ba2        0x2 
 .text.USART1_IRQHandler
                0x08000ba4       0x18 ./Core/Src/stm32f0xx_it.o
                0x08000ba4                USART1_IRQHandler
 .text.SystemInit
                0x08000bbc        0xa ./Core/Src/system_stm32f0xx.o
                0x08000bbc                SystemInit
 *fill*         0x08000bc6        0x2 
 .text.Reset_Handler
                0x08000bc8       0x50 ./Core/Startup/startup_stm32f030c8tx.o
                0x08000bc8                Reset_Handler
 .text.Default_Handler
                0x08000c18        0x2 ./Core/Startup/startup_stm32f030c8tx.o
                0x08000c18                TIM1_CC_IRQHandler
                0x08000c18                TIM6_IRQHandler
                0x08000c18                I2C1_IRQHandler
                0x08000c18                SPI1_IRQHandler
                0x08000c18                EXTI2_3_IRQHandler
                0x08000c18                ADC1_IRQHandler
                0x08000c18                I2C2_IRQHandler
                0x08000c18                TIM17_IRQHandler
                0x08000c18                RTC_IRQHandler
                0x08000c18                TIM16_IRQHandler
                0x08000c18                TIM3_IRQHandler
                0x08000c18                EXTI4_15_IRQHandler
                0x08000c18                RCC_IRQHandler
                0x08000c18                DMA1_Channel1_IRQHandler
                0x08000c18                Default_Handler
                0x08000c18                TIM14_IRQHandler
                0x08000c18                DMA1_Channel4_5_IRQHandler
                0x08000c18                TIM15_IRQHandler
                0x08000c18                EXTI0_1_IRQHandler
                0x08000c18                SPI2_IRQHandler
                0x08000c18                WWDG_IRQHandler
                0x08000c18                DMA1_Channel2_3_IRQHandler
                0x08000c18                USART2_IRQHandler
                0x08000c18                FLASH_IRQHandler
                0x08000c18                TIM1_BRK_UP_TRG_COM_IRQHandler
 *fill*         0x08000c1a        0x2 
 .text.HAL_Init
                0x08000c1c       0x28 ./Drivers/STM32F0xx_HAL_Driver/stm32f0xx_hal.o
                0x08000c1c                HAL_Init
 .text.HAL_InitTick
                0x08000c44       0x68 ./Drivers/STM32F0xx_HAL_Driver/stm32f0xx_hal.o
                0x08000c44                HAL_InitTick
 .text.HAL_IncTick
                0x08000cac       0x24 ./Drivers/STM32F0xx_HAL_Driver/stm32f0xx_hal.o
                0x08000cac                HAL_IncTick
 .text.HAL_GetTick
                0x08000cd0       0x14 ./Drivers/STM32F0xx_HAL_Driver/stm32f0xx_hal.o
                0x08000cd0                HAL_GetTick
 .text.HAL_Delay
                0x08000ce4       0x48 ./Drivers/STM32F0xx_HAL_Driver/stm32f0xx_hal.o
                0x08000ce4                HAL_Delay
 .text.__NVIC_EnableIRQ
                0x08000d2c       0x34 ./Drivers/STM32F0xx_HAL_Driver/stm32f0xx_hal_cortex.o
 .text.__NVIC_SetPriority
                0x08000d60       0xdc ./Drivers/STM32F0xx_HAL_Driver/stm32f0xx_hal_cortex.o
 .text.SysTick_Config
                0x08000e3c       0x48 ./Drivers/STM32F0xx_HAL_Driver/stm32f0xx_hal_cortex.o
 .text.HAL_NVIC_SetPriority
                0x08000e84       0x2a ./Drivers/STM32F0xx_HAL_Driver/stm32f0xx_hal_cortex.o
                0x08000e84                HAL_NVIC_SetPriority
 .text.HAL_NVIC_EnableIRQ
                0x08000eae       0x20 ./Drivers/STM32F0xx_HAL_Driver/stm32f0xx_hal_cortex.o
                0x08000eae                HAL_NVIC_EnableIRQ
 .text.HAL_SYSTICK_Config
                0x08000ece       0x1a ./Drivers/STM32F0xx_HAL_Driver/stm32f0xx_hal_cortex.o
                0x08000ece                HAL_SYSTICK_Config
 .text.HAL_DMA_Abort
                0x08000ee8       0x70 ./Drivers/STM32F0xx_HAL_Driver/stm32f0xx_hal_dma.o
                0x08000ee8                HAL_DMA_Abort
 .text.HAL_DMA_Abort_IT
                0x08000f58       0x8a ./Drivers/STM32F0xx_HAL_Driver/stm32f0xx_hal_dma.o
                0x08000f58                HAL_DMA_Abort_IT
 *fill*         0x08000fe2        0x2 
 .text.HAL_GPIO_Init
                0x08000fe4      0x2e0 ./Drivers/STM32F0xx_HAL_Driver/stm32f0xx_hal_gpio.o
                0x08000fe4                HAL_GPIO_Init
 .text.HAL_GPIO_WritePin
                0x080012c4       0x3a ./Drivers/STM32F0xx_HAL_Driver/stm32f0xx_hal_gpio.o
                0x080012c4                HAL_GPIO_WritePin
 *fill*         0x080012fe        0x2 
 .text.HAL_RCC_OscConfig
                0x08001300      0x634 ./Drivers/STM32F0xx_HAL_Driver/stm32f0xx_hal_rcc.o
                0x08001300                HAL_RCC_OscConfig
 .text.HAL_RCC_ClockConfig
                0x08001934      0x19c ./Drivers/STM32F0xx_HAL_Driver/stm32f0xx_hal_rcc.o
                0x08001934                HAL_RCC_ClockConfig
 .text.HAL_RCC_GetSysClockFreq
                0x08001ad0       0xac ./Drivers/STM32F0xx_HAL_Driver/stm32f0xx_hal_rcc.o
                0x08001ad0                HAL_RCC_GetSysClockFreq
 .text.HAL_RCC_GetHCLKFreq
                0x08001b7c       0x14 ./Drivers/STM32F0xx_HAL_Driver/stm32f0xx_hal_rcc.o
                0x08001b7c                HAL_RCC_GetHCLKFreq
 .text.HAL_RCC_GetPCLK1Freq
                0x08001b90       0x2c ./Drivers/STM32F0xx_HAL_Driver/stm32f0xx_hal_rcc.o
                0x08001b90                HAL_RCC_GetPCLK1Freq
 .text.HAL_RCCEx_PeriphCLKConfig
                0x08001bbc      0x19c ./Drivers/STM32F0xx_HAL_Driver/stm32f0xx_hal_rcc_ex.o
                0x08001bbc                HAL_RCCEx_PeriphCLKConfig
 .text.HAL_UART_Init
                0x08001d58       0xa8 ./Drivers/STM32F0xx_HAL_Driver/stm32f0xx_hal_uart.o
                0x08001d58                HAL_UART_Init
 .text.HAL_UART_Transmit
                0x08001e00      0x13e ./Drivers/STM32F0xx_HAL_Driver/stm32f0xx_hal_uart.o
                0x08001e00                HAL_UART_Transmit
 .text.HAL_UART_Receive_IT
                0x08001f3e       0xae ./Drivers/STM32F0xx_HAL_Driver/stm32f0xx_hal_uart.o
                0x08001f3e                HAL_UART_Receive_IT
 .text.HAL_UART_IRQHandler
                0x08001fec      0x590 ./Drivers/STM32F0xx_HAL_Driver/stm32f0xx_hal_uart.o
                0x08001fec                HAL_UART_IRQHandler
 .text.HAL_UART_TxCpltCallback
                0x0800257c       0x10 ./Drivers/STM32F0xx_HAL_Driver/stm32f0xx_hal_uart.o
                0x0800257c                HAL_UART_TxCpltCallback
 .text.HAL_UART_ErrorCallback
                0x0800258c       0x10 ./Drivers/STM32F0xx_HAL_Driver/stm32f0xx_hal_uart.o
                0x0800258c                HAL_UART_ErrorCallback
 .text.HAL_UARTEx_RxEventCallback
                0x0800259c       0x16 ./Drivers/STM32F0xx_HAL_Driver/stm32f0xx_hal_uart.o
                0x0800259c                HAL_UARTEx_RxEventCallback
 *fill*         0x080025b2        0x2 
 .text.UART_SetConfig
                0x080025b4      0x280 ./Drivers/STM32F0xx_HAL_Driver/stm32f0xx_hal_uart.o
                0x080025b4                UART_SetConfig
 .text.UART_AdvFeatureConfig
                0x08002834      0x168 ./Drivers/STM32F0xx_HAL_Driver/stm32f0xx_hal_uart.o
                0x08002834                UART_AdvFeatureConfig
 .text.UART_CheckIdleState
                0x0800299c      0x150 ./Drivers/STM32F0xx_HAL_Driver/stm32f0xx_hal_uart.o
                0x0800299c                UART_CheckIdleState
 .text.UART_WaitOnFlagUntilTimeout
                0x08002aec       0xde ./Drivers/STM32F0xx_HAL_Driver/stm32f0xx_hal_uart.o
                0x08002aec                UART_WaitOnFlagUntilTimeout
 *fill*         0x08002bca        0x2 
 .text.UART_Start_Receive_IT
                0x08002bcc      0x16c ./Drivers/STM32F0xx_HAL_Driver/stm32f0xx_hal_uart.o
                0x08002bcc                UART_Start_Receive_IT
 .text.UART_EndRxTransfer
                0x08002d38       0xc8 ./Drivers/STM32F0xx_HAL_Driver/stm32f0xx_hal_uart.o
 .text.UART_DMAAbortOnError
                0x08002e00       0x2e ./Drivers/STM32F0xx_HAL_Driver/stm32f0xx_hal_uart.o
 .text.UART_EndTransmit_IT
                0x08002e2e       0x56 ./Drivers/STM32F0xx_HAL_Driver/stm32f0xx_hal_uart.o
 .text.UART_RxISR_8BIT
                0x08002e84      0x1b8 ./Drivers/STM32F0xx_HAL_Driver/stm32f0xx_hal_uart.o
 .text.UART_RxISR_16BIT
                0x0800303c      0x1b8 ./Drivers/STM32F0xx_HAL_Driver/stm32f0xx_hal_uart.o
 .text.memset   0x080031f4       0x10 D:/ST/STM32CubeIDE_1.18.0/STM32CubeIDE/plugins/com.st.stm32cube.ide.mcu.externaltools.gnu-tools-for-stm32.13.3.rel1.win32_1.0.0.202411081344/tools/bin/../lib/gcc/arm-none-eabi/13.3.1/../../../../arm-none-eabi/lib/thumb/v6-m/nofp\libc_nano.a(libc_a-memset.o)
                0x080031f4                memset
 .text.__libc_init_array
                0x08003204       0x48 D:/ST/STM32CubeIDE_1.18.0/STM32CubeIDE/plugins/com.st.stm32cube.ide.mcu.externaltools.gnu-tools-for-stm32.13.3.rel1.win32_1.0.0.202411081344/tools/bin/../lib/gcc/arm-none-eabi/13.3.1/../../../../arm-none-eabi/lib/thumb/v6-m/nofp\libc_nano.a(libc_a-init.o)
                0x08003204                __libc_init_array
 *(.glue_7)
 .glue_7        0x0800324c        0x0 linker stubs
 *(.glue_7t)
 .glue_7t       0x0800324c        0x0 linker stubs
 *(.eh_frame)
 .eh_frame      0x0800324c        0x0 D:/ST/STM32CubeIDE_1.18.0/STM32CubeIDE/plugins/com.st.stm32cube.ide.mcu.externaltools.gnu-tools-for-stm32.13.3.rel1.win32_1.0.0.202411081344/tools/bin/../lib/gcc/arm-none-eabi/13.3.1/thumb/v6-m/nofp/crtbegin.o
 *(.init)
 .init          0x0800324c        0x4 D:/ST/STM32CubeIDE_1.18.0/STM32CubeIDE/plugins/com.st.stm32cube.ide.mcu.externaltools.gnu-tools-for-stm32.13.3.rel1.win32_1.0.0.202411081344/tools/bin/../lib/gcc/arm-none-eabi/13.3.1/thumb/v6-m/nofp/crti.o
                0x0800324c                _init
 .init          0x08003250        0x8 D:/ST/STM32CubeIDE_1.18.0/STM32CubeIDE/plugins/com.st.stm32cube.ide.mcu.externaltools.gnu-tools-for-stm32.13.3.rel1.win32_1.0.0.202411081344/tools/bin/../lib/gcc/arm-none-eabi/13.3.1/thumb/v6-m/nofp/crtn.o
 *(.fini)
 .fini          0x08003258        0x4 D:/ST/STM32CubeIDE_1.18.0/STM32CubeIDE/plugins/com.st.stm32cube.ide.mcu.externaltools.gnu-tools-for-stm32.13.3.rel1.win32_1.0.0.202411081344/tools/bin/../lib/gcc/arm-none-eabi/13.3.1/thumb/v6-m/nofp/crti.o
                0x08003258                _fini
 .fini          0x0800325c        0x8 D:/ST/STM32CubeIDE_1.18.0/STM32CubeIDE/plugins/com.st.stm32cube.ide.mcu.externaltools.gnu-tools-for-stm32.13.3.rel1.win32_1.0.0.202411081344/tools/bin/../lib/gcc/arm-none-eabi/13.3.1/thumb/v6-m/nofp/crtn.o
                0x08003264                        . = ALIGN (0x4)
                0x08003264                        _etext = .

.vfp11_veneer   0x08003264        0x0
 .vfp11_veneer  0x08003264        0x0 linker stubs

.v4_bx          0x08003264        0x0
 .v4_bx         0x08003264        0x0 linker stubs

.iplt           0x08003264        0x0
 .iplt          0x08003264        0x0 D:/ST/STM32CubeIDE_1.18.0/STM32CubeIDE/plugins/com.st.stm32cube.ide.mcu.externaltools.gnu-tools-for-stm32.13.3.rel1.win32_1.0.0.202411081344/tools/bin/../lib/gcc/arm-none-eabi/13.3.1/thumb/v6-m/nofp/crtbegin.o

.rodata         0x08003264       0x58
                0x08003264                        . = ALIGN (0x4)
 *(.rodata)
 .rodata        0x08003264       0x20 ./Core/Src/main.o
 *(.rodata*)
 .rodata.AHBPrescTable
                0x08003284       0x10 ./Core/Src/system_stm32f0xx.o
                0x08003284                AHBPrescTable
 .rodata.APBPrescTable
                0x08003294        0x8 ./Core/Src/system_stm32f0xx.o
                0x08003294                APBPrescTable
 .rodata.aPLLMULFactorTable.1
                0x0800329c       0x10 ./Drivers/STM32F0xx_HAL_Driver/stm32f0xx_hal_rcc.o
 .rodata.aPredivFactorTable.0
                0x080032ac       0x10 ./Drivers/STM32F0xx_HAL_Driver/stm32f0xx_hal_rcc.o
                0x080032bc                        . = ALIGN (0x4)

.ARM.extab      0x080032bc        0x0
                0x080032bc                        . = ALIGN (0x4)
 *(.ARM.extab* .gnu.linkonce.armextab.*)
                0x080032bc                        . = ALIGN (0x4)

.ARM            0x080032bc        0x0
                0x080032bc                        . = ALIGN (0x4)
                0x080032bc                        __exidx_start = .
 *(.ARM.exidx*)
                0x080032bc                        __exidx_end = .
                0x080032bc                        . = ALIGN (0x4)

.preinit_array  0x080032bc        0x0
                0x080032bc                        . = ALIGN (0x4)
                0x080032bc                        PROVIDE (__preinit_array_start = .)
 *(.preinit_array*)
                0x080032bc                        PROVIDE (__preinit_array_end = .)
                0x080032bc                        . = ALIGN (0x4)

.init_array     0x080032bc        0x4
                0x080032bc                        . = ALIGN (0x4)
                0x080032bc                        PROVIDE (__init_array_start = .)
 *(SORT_BY_NAME(.init_array.*))
 *(.init_array*)
 .init_array    0x080032bc        0x4 D:/ST/STM32CubeIDE_1.18.0/STM32CubeIDE/plugins/com.st.stm32cube.ide.mcu.externaltools.gnu-tools-for-stm32.13.3.rel1.win32_1.0.0.202411081344/tools/bin/../lib/gcc/arm-none-eabi/13.3.1/thumb/v6-m/nofp/crtbegin.o
                0x080032c0                        PROVIDE (__init_array_end = .)
                0x080032c0                        . = ALIGN (0x4)

.fini_array     0x080032c0        0x4
                0x080032c0                        . = ALIGN (0x4)
                [!provide]                        PROVIDE (__fini_array_start = .)
 *(SORT_BY_NAME(.fini_array.*))
 *(.fini_array*)
 .fini_array    0x080032c0        0x4 D:/ST/STM32CubeIDE_1.18.0/STM32CubeIDE/plugins/com.st.stm32cube.ide.mcu.externaltools.gnu-tools-for-stm32.13.3.rel1.win32_1.0.0.202411081344/tools/bin/../lib/gcc/arm-none-eabi/13.3.1/thumb/v6-m/nofp/crtbegin.o
                [!provide]                        PROVIDE (__fini_array_end = .)
                0x080032c4                        . = ALIGN (0x4)
                0x080032c4                        _sidata = LOADADDR (.data)

.rel.dyn        0x080032c4        0x0
 .rel.iplt      0x080032c4        0x0 D:/ST/STM32CubeIDE_1.18.0/STM32CubeIDE/plugins/com.st.stm32cube.ide.mcu.externaltools.gnu-tools-for-stm32.13.3.rel1.win32_1.0.0.202411081344/tools/bin/../lib/gcc/arm-none-eabi/13.3.1/thumb/v6-m/nofp/crtbegin.o

.data           0x20000000       0x10 load address 0x080032c4
                0x20000000                        . = ALIGN (0x4)
                0x20000000                        _sdata = .
 *(.data)
 *(.data*)
 .data.current_frequency_mhz
                0x20000000        0x2 ./Core/Src/main.o
 *fill*         0x20000002        0x2 
 .data.SystemCoreClock
                0x20000004        0x4 ./Core/Src/system_stm32f0xx.o
                0x20000004                SystemCoreClock
 .data.uwTickPrio
                0x20000008        0x4 ./Drivers/STM32F0xx_HAL_Driver/stm32f0xx_hal.o
                0x20000008                uwTickPrio
 .data.uwTickFreq
                0x2000000c        0x1 ./Drivers/STM32F0xx_HAL_Driver/stm32f0xx_hal.o
                0x2000000c                uwTickFreq
 *(.RamFunc)
 *(.RamFunc*)
                0x20000010                        . = ALIGN (0x4)
 *fill*         0x2000000d        0x3 
                0x20000010                        _edata = .

.igot.plt       0x20000010        0x0 load address 0x080032d4
 .igot.plt      0x20000010        0x0 D:/ST/STM32CubeIDE_1.18.0/STM32CubeIDE/plugins/com.st.stm32cube.ide.mcu.externaltools.gnu-tools-for-stm32.13.3.rel1.win32_1.0.0.202411081344/tools/bin/../lib/gcc/arm-none-eabi/13.3.1/thumb/v6-m/nofp/crtbegin.o
                0x20000010                        . = ALIGN (0x4)

.bss            0x20000010       0xd0 load address 0x080032d4
                0x20000010                        _sbss = .
                0x20000010                        __bss_start__ = _sbss
 *(.bss)
 .bss           0x20000010       0x1c D:/ST/STM32CubeIDE_1.18.0/STM32CubeIDE/plugins/com.st.stm32cube.ide.mcu.externaltools.gnu-tools-for-stm32.13.3.rel1.win32_1.0.0.202411081344/tools/bin/../lib/gcc/arm-none-eabi/13.3.1/thumb/v6-m/nofp/crtbegin.o
 *(.bss*)
 .bss.huart1    0x2000002c       0x88 ./Core/Src/main.o
                0x2000002c                huart1
 .bss.powerUpAfterSettleTime
                0x200000b4        0x4 ./Core/Src/main.o
 .bss.uart_rx_buffer
                0x200000b8       0x20 ./Core/Src/main.o
 .bss.uart_rx_index
                0x200000d8        0x1 ./Core/Src/main.o
 *fill*         0x200000d9        0x3 
 .bss.uwTick    0x200000dc        0x4 ./Drivers/STM32F0xx_HAL_Driver/stm32f0xx_hal.o
                0x200000dc                uwTick
 *(COMMON)
                0x200000e0                        . = ALIGN (0x4)
                0x200000e0                        _ebss = .
                0x200000e0                        __bss_end__ = _ebss

._user_heap_stack
                0x200000e0      0x600 load address 0x080032d4
                0x200000e0                        . = ALIGN (0x8)
                [!provide]                        PROVIDE (end = .)
                0x200000e0                        PROVIDE (_end = .)
                0x200002e0                        . = (. + _Min_Heap_Size)
 *fill*         0x200000e0      0x200 
                0x200006e0                        . = (. + _Min_Stack_Size)
 *fill*         0x200002e0      0x400 
                0x200006e0                        . = ALIGN (0x8)

/DISCARD/
 libc.a(*)
 libm.a(*)
 libgcc.a(*)

.ARM.attributes
                0x00000000       0x28
 *(.ARM.attributes)
 .ARM.attributes
                0x00000000       0x1e D:/ST/STM32CubeIDE_1.18.0/STM32CubeIDE/plugins/com.st.stm32cube.ide.mcu.externaltools.gnu-tools-for-stm32.13.3.rel1.win32_1.0.0.202411081344/tools/bin/../lib/gcc/arm-none-eabi/13.3.1/thumb/v6-m/nofp/crti.o
 .ARM.attributes
                0x0000001e       0x2c D:/ST/STM32CubeIDE_1.18.0/STM32CubeIDE/plugins/com.st.stm32cube.ide.mcu.externaltools.gnu-tools-for-stm32.13.3.rel1.win32_1.0.0.202411081344/tools/bin/../lib/gcc/arm-none-eabi/13.3.1/thumb/v6-m/nofp/crtbegin.o
 .ARM.attributes
                0x0000004a       0x2c ./Core/Src/main.o
 .ARM.attributes
                0x00000076       0x2c ./Core/Src/stm32f0xx_hal_msp.o
 .ARM.attributes
                0x000000a2       0x2c ./Core/Src/stm32f0xx_it.o
 .ARM.attributes
                0x000000ce       0x2c ./Core/Src/system_stm32f0xx.o
 .ARM.attributes
                0x000000fa       0x21 ./Core/Startup/startup_stm32f030c8tx.o
 .ARM.attributes
                0x0000011b       0x2c ./Drivers/STM32F0xx_HAL_Driver/stm32f0xx_hal.o
 .ARM.attributes
                0x00000147       0x2c ./Drivers/STM32F0xx_HAL_Driver/stm32f0xx_hal_cortex.o
 .ARM.attributes
                0x00000173       0x2c ./Drivers/STM32F0xx_HAL_Driver/stm32f0xx_hal_dma.o
 .ARM.attributes
                0x0000019f       0x2c ./Drivers/STM32F0xx_HAL_Driver/stm32f0xx_hal_gpio.o
 .ARM.attributes
                0x000001cb       0x2c ./Drivers/STM32F0xx_HAL_Driver/stm32f0xx_hal_rcc.o
 .ARM.attributes
                0x000001f7       0x2c ./Drivers/STM32F0xx_HAL_Driver/stm32f0xx_hal_rcc_ex.o
 .ARM.attributes
                0x00000223       0x2c ./Drivers/STM32F0xx_HAL_Driver/stm32f0xx_hal_uart.o
 .ARM.attributes
                0x0000024f       0x2c D:/ST/STM32CubeIDE_1.18.0/STM32CubeIDE/plugins/com.st.stm32cube.ide.mcu.externaltools.gnu-tools-for-stm32.13.3.rel1.win32_1.0.0.202411081344/tools/bin/../lib/gcc/arm-none-eabi/13.3.1/../../../../arm-none-eabi/lib/thumb/v6-m/nofp\libc_nano.a(libc_a-memset.o)
 .ARM.attributes
                0x0000027b       0x2c D:/ST/STM32CubeIDE_1.18.0/STM32CubeIDE/plugins/com.st.stm32cube.ide.mcu.externaltools.gnu-tools-for-stm32.13.3.rel1.win32_1.0.0.202411081344/tools/bin/../lib/gcc/arm-none-eabi/13.3.1/../../../../arm-none-eabi/lib/thumb/v6-m/nofp\libc_nano.a(libc_a-init.o)
 .ARM.attributes
                0x000002a7       0x1e D:/ST/STM32CubeIDE_1.18.0/STM32CubeIDE/plugins/com.st.stm32cube.ide.mcu.externaltools.gnu-tools-for-stm32.13.3.rel1.win32_1.0.0.202411081344/tools/bin/../lib/gcc/arm-none-eabi/13.3.1/thumb/v6-m/nofp\libgcc.a(_udivsi3.o)
 .ARM.attributes
                0x000002c5       0x1e D:/ST/STM32CubeIDE_1.18.0/STM32CubeIDE/plugins/com.st.stm32cube.ide.mcu.externaltools.gnu-tools-for-stm32.13.3.rel1.win32_1.0.0.202411081344/tools/bin/../lib/gcc/arm-none-eabi/13.3.1/thumb/v6-m/nofp\libgcc.a(_dvmd_tls.o)
 .ARM.attributes
                0x000002e3       0x1e D:/ST/STM32CubeIDE_1.18.0/STM32CubeIDE/plugins/com.st.stm32cube.ide.mcu.externaltools.gnu-tools-for-stm32.13.3.rel1.win32_1.0.0.202411081344/tools/bin/../lib/gcc/arm-none-eabi/13.3.1/thumb/v6-m/nofp/crtn.o
OUTPUT(fpv_video.elf elf32-littlearm)
LOAD linker stubs
LOAD D:/ST/STM32CubeIDE_1.18.0/STM32CubeIDE/plugins/com.st.stm32cube.ide.mcu.externaltools.gnu-tools-for-stm32.13.3.rel1.win32_1.0.0.202411081344/tools/bin/../lib/gcc/arm-none-eabi/13.3.1/../../../../arm-none-eabi/lib/thumb/v6-m/nofp\libc.a
LOAD D:/ST/STM32CubeIDE_1.18.0/STM32CubeIDE/plugins/com.st.stm32cube.ide.mcu.externaltools.gnu-tools-for-stm32.13.3.rel1.win32_1.0.0.202411081344/tools/bin/../lib/gcc/arm-none-eabi/13.3.1/../../../../arm-none-eabi/lib/thumb/v6-m/nofp\libm.a
LOAD D:/ST/STM32CubeIDE_1.18.0/STM32CubeIDE/plugins/com.st.stm32cube.ide.mcu.externaltools.gnu-tools-for-stm32.13.3.rel1.win32_1.0.0.202411081344/tools/bin/../lib/gcc/arm-none-eabi/13.3.1/thumb/v6-m/nofp\libgcc.a

.debug_info     0x00000000     0x8249
 .debug_info    0x00000000      0xf8a ./Core/Src/main.o
 .debug_info    0x00000f8a      0xa03 ./Core/Src/stm32f0xx_hal_msp.o
 .debug_info    0x0000198d      0x6b1 ./Core/Src/stm32f0xx_it.o
 .debug_info    0x0000203e      0x242 ./Core/Src/system_stm32f0xx.o
 .debug_info    0x00002280       0x30 ./Core/Startup/startup_stm32f030c8tx.o
 .debug_info    0x000022b0      0x670 ./Drivers/STM32F0xx_HAL_Driver/stm32f0xx_hal.o
 .debug_info    0x00002920      0x69b ./Drivers/STM32F0xx_HAL_Driver/stm32f0xx_hal_cortex.o
 .debug_info    0x00002fbb      0x700 ./Drivers/STM32F0xx_HAL_Driver/stm32f0xx_hal_dma.o
 .debug_info    0x000036bb      0x5c3 ./Drivers/STM32F0xx_HAL_Driver/stm32f0xx_hal_gpio.o
 .debug_info    0x00003c7e      0x844 ./Drivers/STM32F0xx_HAL_Driver/stm32f0xx_hal_rcc.o
 .debug_info    0x000044c2      0x35d ./Drivers/STM32F0xx_HAL_Driver/stm32f0xx_hal_rcc_ex.o
 .debug_info    0x0000481f     0x3a2a ./Drivers/STM32F0xx_HAL_Driver/stm32f0xx_hal_uart.o

.debug_abbrev   0x00000000     0x16a5
 .debug_abbrev  0x00000000      0x2c3 ./Core/Src/main.o
 .debug_abbrev  0x000002c3      0x1c9 ./Core/Src/stm32f0xx_hal_msp.o
 .debug_abbrev  0x0000048c      0x185 ./Core/Src/stm32f0xx_it.o
 .debug_abbrev  0x00000611      0x11c ./Core/Src/system_stm32f0xx.o
 .debug_abbrev  0x0000072d       0x24 ./Core/Startup/startup_stm32f030c8tx.o
 .debug_abbrev  0x00000751      0x24b ./Drivers/STM32F0xx_HAL_Driver/stm32f0xx_hal.o
 .debug_abbrev  0x0000099c      0x28c ./Drivers/STM32F0xx_HAL_Driver/stm32f0xx_hal_cortex.o
 .debug_abbrev  0x00000c28      0x1ef ./Drivers/STM32F0xx_HAL_Driver/stm32f0xx_hal_dma.o
 .debug_abbrev  0x00000e17      0x1c8 ./Drivers/STM32F0xx_HAL_Driver/stm32f0xx_hal_gpio.o
 .debug_abbrev  0x00000fdf      0x28b ./Drivers/STM32F0xx_HAL_Driver/stm32f0xx_hal_rcc.o
 .debug_abbrev  0x0000126a      0x16f ./Drivers/STM32F0xx_HAL_Driver/stm32f0xx_hal_rcc_ex.o
 .debug_abbrev  0x000013d9      0x2cc ./Drivers/STM32F0xx_HAL_Driver/stm32f0xx_hal_uart.o

.debug_aranges  0x00000000      0x6d8
 .debug_aranges
                0x00000000       0xd8 ./Core/Src/main.o
 .debug_aranges
                0x000000d8       0x30 ./Core/Src/stm32f0xx_hal_msp.o
 .debug_aranges
                0x00000108       0x48 ./Core/Src/stm32f0xx_it.o
 .debug_aranges
                0x00000150       0x28 ./Core/Src/system_stm32f0xx.o
 .debug_aranges
                0x00000178       0x28 ./Core/Startup/startup_stm32f030c8tx.o
 .debug_aranges
                0x000001a0       0xd0 ./Drivers/STM32F0xx_HAL_Driver/stm32f0xx_hal.o
 .debug_aranges
                0x00000270       0xc0 ./Drivers/STM32F0xx_HAL_Driver/stm32f0xx_hal_cortex.o
 .debug_aranges
                0x00000330       0x88 ./Drivers/STM32F0xx_HAL_Driver/stm32f0xx_hal_dma.o
 .debug_aranges
                0x000003b8       0x58 ./Drivers/STM32F0xx_HAL_Driver/stm32f0xx_hal_gpio.o
 .debug_aranges
                0x00000410       0x80 ./Drivers/STM32F0xx_HAL_Driver/stm32f0xx_hal_rcc.o
 .debug_aranges
                0x00000490       0x30 ./Drivers/STM32F0xx_HAL_Driver/stm32f0xx_hal_rcc_ex.o
 .debug_aranges
                0x000004c0      0x218 ./Drivers/STM32F0xx_HAL_Driver/stm32f0xx_hal_uart.o

.debug_rnglists
                0x00000000      0x543
 .debug_rnglists
                0x00000000       0xa4 ./Core/Src/main.o
 .debug_rnglists
                0x000000a4       0x20 ./Core/Src/stm32f0xx_hal_msp.o
 .debug_rnglists
                0x000000c4       0x31 ./Core/Src/stm32f0xx_it.o
 .debug_rnglists
                0x000000f5       0x1a ./Core/Src/system_stm32f0xx.o
 .debug_rnglists
                0x0000010f       0x19 ./Core/Startup/startup_stm32f030c8tx.o
 .debug_rnglists
                0x00000128       0x97 ./Drivers/STM32F0xx_HAL_Driver/stm32f0xx_hal.o
 .debug_rnglists
                0x000001bf       0x8c ./Drivers/STM32F0xx_HAL_Driver/stm32f0xx_hal_cortex.o
 .debug_rnglists
                0x0000024b       0x6a ./Drivers/STM32F0xx_HAL_Driver/stm32f0xx_hal_dma.o
 .debug_rnglists
                0x000002b5       0x3f ./Drivers/STM32F0xx_HAL_Driver/stm32f0xx_hal_gpio.o
 .debug_rnglists
                0x000002f4       0x60 ./Drivers/STM32F0xx_HAL_Driver/stm32f0xx_hal_rcc.o
 .debug_rnglists
                0x00000354       0x21 ./Drivers/STM32F0xx_HAL_Driver/stm32f0xx_hal_rcc_ex.o
 .debug_rnglists
                0x00000375      0x1ce ./Drivers/STM32F0xx_HAL_Driver/stm32f0xx_hal_uart.o

.debug_macro    0x00000000     0xf63a
 .debug_macro   0x00000000      0x355 ./Core/Src/main.o
 .debug_macro   0x00000355      0xaae ./Core/Src/main.o
 .debug_macro   0x00000e03      0x12d ./Core/Src/main.o
 .debug_macro   0x00000f30       0x2e ./Core/Src/main.o
 .debug_macro   0x00000f5e       0x22 ./Core/Src/main.o
 .debug_macro   0x00000f80       0x22 ./Core/Src/main.o
 .debug_macro   0x00000fa2       0x8e ./Core/Src/main.o
 .debug_macro   0x00001030       0x51 ./Core/Src/main.o
 .debug_macro   0x00001081      0x103 ./Core/Src/main.o
 .debug_macro   0x00001184       0x6a ./Core/Src/main.o
 .debug_macro   0x000011ee      0x1df ./Core/Src/main.o
 .debug_macro   0x000013cd       0x1c ./Core/Src/main.o
 .debug_macro   0x000013e9       0x22 ./Core/Src/main.o
 .debug_macro   0x0000140b       0xaf ./Core/Src/main.o
 .debug_macro   0x000014ba      0x391 ./Core/Src/main.o
 .debug_macro   0x0000184b     0x6f47 ./Core/Src/main.o
 .debug_macro   0x00008792       0x66 ./Core/Src/main.o
 .debug_macro   0x000087f8     0x34da ./Core/Src/main.o
 .debug_macro   0x0000bcd2      0x190 ./Core/Src/main.o
 .debug_macro   0x0000be62       0x55 ./Core/Src/main.o
 .debug_macro   0x0000beb7      0x924 ./Core/Src/main.o
 .debug_macro   0x0000c7db      0x17f ./Core/Src/main.o
 .debug_macro   0x0000c95a      0x1ae ./Core/Src/main.o
 .debug_macro   0x0000cb08       0xd8 ./Core/Src/main.o
 .debug_macro   0x0000cbe0      0x1a0 ./Core/Src/main.o
 .debug_macro   0x0000cd80      0x1ed ./Core/Src/main.o
 .debug_macro   0x0000cf6d       0x34 ./Core/Src/main.o
 .debug_macro   0x0000cfa1       0x43 ./Core/Src/main.o
 .debug_macro   0x0000cfe4       0x28 ./Core/Src/main.o
 .debug_macro   0x0000d00c       0xb0 ./Core/Src/main.o
 .debug_macro   0x0000d0bc      0x199 ./Core/Src/main.o
 .debug_macro   0x0000d255      0x22c ./Core/Src/main.o
 .debug_macro   0x0000d481       0x61 ./Core/Src/main.o
 .debug_macro   0x0000d4e2       0xa5 ./Core/Src/main.o
 .debug_macro   0x0000d587       0x4c ./Core/Src/main.o
 .debug_macro   0x0000d5d3       0x2b ./Core/Src/main.o
 .debug_macro   0x0000d5fe      0x56d ./Core/Src/main.o
 .debug_macro   0x0000db6b       0x3e ./Core/Src/main.o
 .debug_macro   0x0000dba9       0xff ./Core/Src/main.o
 .debug_macro   0x0000dca8       0x61 ./Core/Src/main.o
 .debug_macro   0x0000dd09       0x24 ./Core/Src/main.o
 .debug_macro   0x0000dd2d       0x43 ./Core/Src/main.o
 .debug_macro   0x0000dd70       0x34 ./Core/Src/main.o
 .debug_macro   0x0000dda4      0x370 ./Core/Src/main.o
 .debug_macro   0x0000e114       0x16 ./Core/Src/main.o
 .debug_macro   0x0000e12a       0x4a ./Core/Src/main.o
 .debug_macro   0x0000e174       0x34 ./Core/Src/main.o
 .debug_macro   0x0000e1a8       0x10 ./Core/Src/main.o
 .debug_macro   0x0000e1b8       0x58 ./Core/Src/main.o
 .debug_macro   0x0000e210       0x8e ./Core/Src/main.o
 .debug_macro   0x0000e29e       0x1c ./Core/Src/main.o
 .debug_macro   0x0000e2ba      0x185 ./Core/Src/main.o
 .debug_macro   0x0000e43f       0x10 ./Core/Src/main.o
 .debug_macro   0x0000e44f       0x3c ./Core/Src/main.o
 .debug_macro   0x0000e48b       0x20 ./Core/Src/main.o
 .debug_macro   0x0000e4ab       0x16 ./Core/Src/main.o
 .debug_macro   0x0000e4c1       0x16 ./Core/Src/main.o
 .debug_macro   0x0000e4d7       0x29 ./Core/Src/main.o
 .debug_macro   0x0000e500      0x1b7 ./Core/Src/stm32f0xx_hal_msp.o
 .debug_macro   0x0000e6b7      0x1c1 ./Core/Src/stm32f0xx_it.o
 .debug_macro   0x0000e878      0x1ad ./Core/Src/system_stm32f0xx.o
 .debug_macro   0x0000ea25      0x1d1 ./Drivers/STM32F0xx_HAL_Driver/stm32f0xx_hal.o
 .debug_macro   0x0000ebf6      0x1ad ./Drivers/STM32F0xx_HAL_Driver/stm32f0xx_hal_cortex.o
 .debug_macro   0x0000eda3      0x1ad ./Drivers/STM32F0xx_HAL_Driver/stm32f0xx_hal_dma.o
 .debug_macro   0x0000ef50      0x1b4 ./Drivers/STM32F0xx_HAL_Driver/stm32f0xx_hal_gpio.o
 .debug_macro   0x0000f104      0x1bf ./Drivers/STM32F0xx_HAL_Driver/stm32f0xx_hal_rcc.o
 .debug_macro   0x0000f2c3      0x1ad ./Drivers/STM32F0xx_HAL_Driver/stm32f0xx_hal_rcc_ex.o
 .debug_macro   0x0000f470      0x1ca ./Drivers/STM32F0xx_HAL_Driver/stm32f0xx_hal_uart.o

.debug_line     0x00000000     0x9f2b
 .debug_line    0x00000000      0xe0e ./Core/Src/main.o
 .debug_line    0x00000e0e      0x865 ./Core/Src/stm32f0xx_hal_msp.o
 .debug_line    0x00001673      0x88a ./Core/Src/stm32f0xx_it.o
 .debug_line    0x00001efd      0x885 ./Core/Src/system_stm32f0xx.o
 .debug_line    0x00002782       0x7b ./Core/Startup/startup_stm32f030c8tx.o
 .debug_line    0x000027fd      0xacd ./Drivers/STM32F0xx_HAL_Driver/stm32f0xx_hal.o
 .debug_line    0x000032ca      0xb75 ./Drivers/STM32F0xx_HAL_Driver/stm32f0xx_hal_cortex.o
 .debug_line    0x00003e3f      0xdd1 ./Drivers/STM32F0xx_HAL_Driver/stm32f0xx_hal_dma.o
 .debug_line    0x00004c10      0xc32 ./Drivers/STM32F0xx_HAL_Driver/stm32f0xx_hal_gpio.o
 .debug_line    0x00005842      0xf5e ./Drivers/STM32F0xx_HAL_Driver/stm32f0xx_hal_rcc.o
 .debug_line    0x000067a0      0xa35 ./Drivers/STM32F0xx_HAL_Driver/stm32f0xx_hal_rcc_ex.o
 .debug_line    0x000071d5     0x2d56 ./Drivers/STM32F0xx_HAL_Driver/stm32f0xx_hal_uart.o

.debug_str      0x00000000    0x5cb00
 .debug_str     0x00000000    0x5cb00 ./Core/Src/main.o
                              0x5b62a (size before relaxing)
 .debug_str     0x0005cb00    0x57d8b ./Core/Src/stm32f0xx_hal_msp.o
 .debug_str     0x0005cb00    0x57b3a ./Core/Src/stm32f0xx_it.o
 .debug_str     0x0005cb00    0x57737 ./Core/Src/system_stm32f0xx.o
 .debug_str     0x0005cb00       0x86 ./Core/Startup/startup_stm32f030c8tx.o
 .debug_str     0x0005cb00    0x57d04 ./Drivers/STM32F0xx_HAL_Driver/stm32f0xx_hal.o
 .debug_str     0x0005cb00    0x57af5 ./Drivers/STM32F0xx_HAL_Driver/stm32f0xx_hal_cortex.o
 .debug_str     0x0005cb00    0x57b16 ./Drivers/STM32F0xx_HAL_Driver/stm32f0xx_hal_dma.o
 .debug_str     0x0005cb00    0x57911 ./Drivers/STM32F0xx_HAL_Driver/stm32f0xx_hal_gpio.o
 .debug_str     0x0005cb00    0x57bac ./Drivers/STM32F0xx_HAL_Driver/stm32f0xx_hal_rcc.o
 .debug_str     0x0005cb00    0x578b9 ./Drivers/STM32F0xx_HAL_Driver/stm32f0xx_hal_rcc_ex.o
 .debug_str     0x0005cb00    0x58489 ./Drivers/STM32F0xx_HAL_Driver/stm32f0xx_hal_uart.o

.comment        0x00000000       0x43
 .comment       0x00000000       0x43 ./Core/Src/main.o
                                 0x44 (size before relaxing)
 .comment       0x00000043       0x44 ./Core/Src/stm32f0xx_hal_msp.o
 .comment       0x00000043       0x44 ./Core/Src/stm32f0xx_it.o
 .comment       0x00000043       0x44 ./Core/Src/system_stm32f0xx.o
 .comment       0x00000043       0x44 ./Drivers/STM32F0xx_HAL_Driver/stm32f0xx_hal.o
 .comment       0x00000043       0x44 ./Drivers/STM32F0xx_HAL_Driver/stm32f0xx_hal_cortex.o
 .comment       0x00000043       0x44 ./Drivers/STM32F0xx_HAL_Driver/stm32f0xx_hal_dma.o
 .comment       0x00000043       0x44 ./Drivers/STM32F0xx_HAL_Driver/stm32f0xx_hal_gpio.o
 .comment       0x00000043       0x44 ./Drivers/STM32F0xx_HAL_Driver/stm32f0xx_hal_rcc.o
 .comment       0x00000043       0x44 ./Drivers/STM32F0xx_HAL_Driver/stm32f0xx_hal_rcc_ex.o
 .comment       0x00000043       0x44 ./Drivers/STM32F0xx_HAL_Driver/stm32f0xx_hal_uart.o

.debug_frame    0x00000000     0x16f0
 .debug_frame   0x00000000      0x2d4 ./Core/Src/main.o
 .debug_frame   0x000002d4       0x70 ./Core/Src/stm32f0xx_hal_msp.o
 .debug_frame   0x00000344       0xb8 ./Core/Src/stm32f0xx_it.o
 .debug_frame   0x000003fc       0x4c ./Core/Src/system_stm32f0xx.o
 .debug_frame   0x00000448      0x2a4 ./Drivers/STM32F0xx_HAL_Driver/stm32f0xx_hal.o
 .debug_frame   0x000006ec      0x2a0 ./Drivers/STM32F0xx_HAL_Driver/stm32f0xx_hal_cortex.o
 .debug_frame   0x0000098c      0x1d0 ./Drivers/STM32F0xx_HAL_Driver/stm32f0xx_hal_dma.o
 .debug_frame   0x00000b5c      0x110 ./Drivers/STM32F0xx_HAL_Driver/stm32f0xx_hal_gpio.o
 .debug_frame   0x00000c6c      0x198 ./Drivers/STM32F0xx_HAL_Driver/stm32f0xx_hal_rcc.o
 .debug_frame   0x00000e04       0x70 ./Drivers/STM32F0xx_HAL_Driver/stm32f0xx_hal_rcc_ex.o
 .debug_frame   0x00000e74      0x810 ./Drivers/STM32F0xx_HAL_Driver/stm32f0xx_hal_uart.o
 .debug_frame   0x00001684       0x20 D:/ST/STM32CubeIDE_1.18.0/STM32CubeIDE/plugins/com.st.stm32cube.ide.mcu.externaltools.gnu-tools-for-stm32.13.3.rel1.win32_1.0.0.202411081344/tools/bin/../lib/gcc/arm-none-eabi/13.3.1/../../../../arm-none-eabi/lib/thumb/v6-m/nofp\libc_nano.a(libc_a-memset.o)
 .debug_frame   0x000016a4       0x2c D:/ST/STM32CubeIDE_1.18.0/STM32CubeIDE/plugins/com.st.stm32cube.ide.mcu.externaltools.gnu-tools-for-stm32.13.3.rel1.win32_1.0.0.202411081344/tools/bin/../lib/gcc/arm-none-eabi/13.3.1/../../../../arm-none-eabi/lib/thumb/v6-m/nofp\libc_nano.a(libc_a-init.o)
 .debug_frame   0x000016d0       0x20 D:/ST/STM32CubeIDE_1.18.0/STM32CubeIDE/plugins/com.st.stm32cube.ide.mcu.externaltools.gnu-tools-for-stm32.13.3.rel1.win32_1.0.0.202411081344/tools/bin/../lib/gcc/arm-none-eabi/13.3.1/thumb/v6-m/nofp\libgcc.a(_udivsi3.o)

.debug_line_str
                0x00000000       0x6a
 .debug_line_str
                0x00000000       0x6a ./Core/Startup/startup_stm32f030c8tx.o
